[2026-09-06T17:05:57.176+0000] {manager.py:483} INFO - Processing files using up to 1 processes at a time 
[2026-09-06T17:05:57.176+0000] {manager.py:484} INFO - Process each file at most once every 30 seconds
[2026-09-06T17:05:57.177+0000] {manager.py:485} INFO - Checking for new files in /opt/airflow/dags every 300 seconds
[2026-09-06T17:05:57.177+0000] {manager.py:821} INFO - Searching for files in /opt/airflow/dags
[2026-09-06T17:05:57.178+0000] {manager.py:824} INFO - There are 0 files in /opt/airflow/dags
[2026-09-06T17:10:57.253+0000] {manager.py:821} INFO - Searching for files in /opt/airflow/dags
[2026-09-06T17:10:57.258+0000] {manager.py:824} INFO - There are 0 files in /opt/airflow/dags
[2026-09-06T17:15:57.317+0000] {manager.py:821} INFO - Searching for files in /opt/airflow/dags
[2026-09-06T17:15:57.323+0000] {manager.py:824} INFO - There are 1 files in /opt/airflow/dags
[2026-09-06T17:15:58.681+0000] {manager.py:997} INFO - 
================================================================================
DAG File Processing Stats

File Path                                  PID    Runtime      # DAGs    # Errors  Last Runtime    Last Run               Last # of DB Queries
-----------------------------------------  -----  ---------  --------  ----------  --------------  -------------------  ----------------------
/opt/airflow/dags/banking_pipeline_dag.py                           1           0  0.11s           2026-09-06T17:15:57                      43
================================================================================
[2026-09-06T17:16:28.762+0000] {manager.py:997} INFO - 
================================================================================
DAG File Processing Stats

File Path                                  PID    Runtime      # DAGs    # Errors  Last Runtime    Last Run               Last # of DB Queries
-----------------------------------------  -----  ---------  --------  ----------  --------------  -------------------  ----------------------
/opt/airflow/dags/banking_pipeline_dag.py                           1           0  0.11s           2026-09-06T17:16:27                      10
================================================================================
[2026-09-06T17:16:58.836+0000] {manager.py:997} INFO - 
================================================================================
DAG File Processing Stats

File Path                                  PID    Runtime      # DAGs    # Errors  Last Runtime    Last Run               Last # of DB Queries
-----------------------------------------  -----  ---------  --------  ----------  --------------  -------------------  ----------------------
/opt/airflow/dags/banking_pipeline_dag.py                           1           0  0.11s           2026-09-06T17:16:57                      10
================================================================================
[2026-09-06T17:17:28.912+0000] {manager.py:997} INFO - 
================================================================================
DAG File Processing Stats

File Path                                  PID    Runtime      # DAGs    # Errors  Last Runtime    Last Run               Last # of DB Queries
-----------------------------------------  -----  ---------  --------  ----------  --------------  -------------------  ----------------------
/opt/airflow/dags/banking_pipeline_dag.py                           1           0  0.11s           2026-09-06T17:17:28                      10
================================================================================
[2026-09-06T17:17:58.983+0000] {manager.py:997} INFO - 
================================================================================
DAG File Processing Stats

File Path                                  PID    Runtime      # DAGs    # Errors  Last Runtime    Last Run               Last # of DB Queries
-----------------------------------------  -----  ---------  --------  ----------  --------------  -------------------  ----------------------
/opt/airflow/dags/banking_pipeline_dag.py                           1           0  0.11s           2026-09-06T17:17:58                      10
================================================================================
[2026-09-06T17:18:29.982+0000] {manager.py:997} INFO - 
================================================================================
DAG File Processing Stats

File Path                                  PID    Runtime      # DAGs    # Errors  Last Runtime    Last Run               Last # of DB Queries
-----------------------------------------  -----  ---------  --------  ----------  --------------  -------------------  ----------------------
/opt/airflow/dags/banking_pipeline_dag.py                           1           0  0.10s           2026-09-06T17:18:29                      10
================================================================================
[2026-09-06T17:19:00.223+0000] {manager.py:997} INFO - 
================================================================================
DAG File Processing Stats

File Path                                  PID    Runtime      # DAGs    # Errors  Last Runtime    Last Run               Last # of DB Queries
-----------------------------------------  -----  ---------  --------  ----------  --------------  -------------------  ----------------------
/opt/airflow/dags/banking_pipeline_dag.py                           1           0  0.11s           2026-09-06T17:19:00                      10
================================================================================
[2026-09-06T17:19:30.610+0000] {manager.py:997} INFO - 
================================================================================
DAG File Processing Stats

File Path                                  PID    Runtime      # DAGs    # Errors  Last Runtime    Last Run               Last # of DB Queries
-----------------------------------------  -----  ---------  --------  ----------  --------------  -------------------  ----------------------
/opt/airflow/dags/banking_pipeline_dag.py                           1           0  0.11s           2026-09-06T17:19:30                      10
================================================================================
[2026-09-06T17:20:00.986+0000] {manager.py:997} INFO - 
================================================================================
DAG File Processing Stats

File Path                                  PID    Runtime      # DAGs    # Errors  Last Runtime    Last Run               Last # of DB Queries
-----------------------------------------  -----  ---------  --------  ----------  --------------  -------------------  ----------------------
/opt/airflow/dags/banking_pipeline_dag.py                           1           0  0.11s           2026-09-06T17:20:00                      10
================================================================================
[2026-09-06T17:20:31.337+0000] {manager.py:997} INFO - 
================================================================================
DAG File Processing Stats

File Path                                  PID    Runtime      # DAGs    # Errors  Last Runtime    Last Run               Last # of DB Queries
-----------------------------------------  -----  ---------  --------  ----------  --------------  -------------------  ----------------------
/opt/airflow/dags/banking_pipeline_dag.py                           1           0  0.11s           2026-09-06T17:20:31                      10
================================================================================
[2026-09-06T17:20:57.629+0000] {manager.py:821} INFO - Searching for files in /opt/airflow/dags
[2026-09-06T17:20:57.635+0000] {manager.py:824} INFO - There are 1 files in /opt/airflow/dags
[2026-09-06T17:21:01.714+0000] {manager.py:997} INFO - 
================================================================================
DAG File Processing Stats

File Path                                  PID    Runtime      # DAGs    # Errors  Last Runtime    Last Run               Last # of DB Queries
-----------------------------------------  -----  ---------  --------  ----------  --------------  -------------------  ----------------------
/opt/airflow/dags/banking_pipeline_dag.py                           1           0  0.11s           2026-09-06T17:21:01                      10
================================================================================
