[2026-09-06T17:18:32.746+0000] {local_task_job_runner.py:123} INFO - ::group::Pre task execution logs
[2026-09-06T17:18:32.750+0000] {taskinstance.py:2614} INFO - Dependencies all met for dep_context=non-requeueable deps ti=<TaskInstance: banking_pipeline.load_to_postgres manual__2026-09-06T17:18:27.600163+00:00 [queued]>
[2026-09-06T17:18:32.752+0000] {taskinstance.py:2614} INFO - Dependencies all met for dep_context=requeueable deps ti=<TaskInstance: banking_pipeline.load_to_postgres manual__2026-09-06T17:18:27.600163+00:00 [queued]>
[2026-09-06T17:18:32.753+0000] {taskinstance.py:2867} INFO - Starting attempt 1 of 1
[2026-09-06T17:18:32.756+0000] {taskinstance.py:2890} INFO - Executing <Task(BashOperator): load_to_postgres> on 2026-09-06 17:18:27.600163+00:00
[2026-09-06T17:18:32.758+0000] {standard_task_runner.py:72} INFO - Started process 169 to run task
[2026-09-06T17:18:32.759+0000] {standard_task_runner.py:104} INFO - Running: ['airflow', 'tasks', 'run', 'banking_pipeline', 'load_to_postgres', 'manual__2026-09-06T17:18:27.600163+00:00', '--job-id', '5', '--raw', '--subdir', 'DAGS_FOLDER/banking_pipeline_dag.py', '--cfg-path', '/tmp/tmp3_gqr7z7']
[2026-09-06T17:18:32.760+0000] {standard_task_runner.py:105} INFO - Job 5: Subtask load_to_postgres
[2026-09-06T17:18:32.771+0000] {task_command.py:467} INFO - Running <TaskInstance: banking_pipeline.load_to_postgres manual__2026-09-06T17:18:27.600163+00:00 [running]> on host bac05bedd58a
[2026-09-06T17:18:32.787+0000] {taskinstance.py:3134} INFO - Exporting env vars: AIRFLOW_CTX_DAG_OWNER='airflow' AIRFLOW_CTX_DAG_ID='banking_pipeline' AIRFLOW_CTX_TASK_ID='load_to_postgres' AIRFLOW_CTX_EXECUTION_DATE='2026-09-06T17:18:27.600163+00:00' AIRFLOW_CTX_TRY_NUMBER='1' AIRFLOW_CTX_DAG_RUN_ID='manual__2026-09-06T17:18:27.600163+00:00'
[2026-09-06T17:18:32.787+0000] {taskinstance.py:732} INFO - ::endgroup::
[2026-09-06T17:18:32.793+0000] {subprocess.py:78} INFO - Tmp dir root location: /tmp
[2026-09-06T17:18:32.793+0000] {subprocess.py:88} INFO - Running command: ['/usr/bin/bash', '-c', 'cd /opt/airflow && python /opt/airflow/src/load_to_postgres.py']
[2026-09-06T17:18:32.796+0000] {subprocess.py:99} INFO - Output:
[2026-09-06T17:18:32.861+0000] {subprocess.py:106} INFO - Data loaded successfully
[2026-09-06T17:18:32.862+0000] {subprocess.py:106} INFO - Raw transactions: 100
[2026-09-06T17:18:32.862+0000] {subprocess.py:106} INFO - Valid transactions: 88
[2026-09-06T17:18:32.862+0000] {subprocess.py:106} INFO - Rejected transactions: 12
[2026-09-06T17:18:32.865+0000] {subprocess.py:110} INFO - Command exited with return code 0
[2026-09-06T17:18:32.870+0000] {taskinstance.py:341} INFO - ::group::Post task execution logs
[2026-09-06T17:18:32.870+0000] {taskinstance.py:353} INFO - Marking task as SUCCESS. dag_id=banking_pipeline, task_id=load_to_postgres, run_id=manual__2026-09-06T17:18:27.600163+00:00, execution_date=20260906T171827, start_date=20260906T171832, end_date=20260906T171832
[2026-09-06T17:18:32.894+0000] {local_task_job_runner.py:266} INFO - Task exited with return code 0
[2026-09-06T17:18:32.897+0000] {taskinstance.py:3901} INFO - 0 downstream tasks scheduled from follow-on schedule check
[2026-09-06T17:18:32.897+0000] {local_task_job_runner.py:245} INFO - ::endgroup::
